// Jest Snapshot v1, https://goo.gl/fbAQLP

exports[`< /> Snapshots should match snapshot 1`] = `
.c2 {
  padding: 8px 16px 8px 16px;
  font-family: Arial,Helvetica,sans-serif;
}

.c3 {
  display: -webkit-box;
  display: -webkit-flex;
  display: -ms-flexbox;
  display: flex;
  padding: 8px 16px 8px 16px;
  -webkit-box-pack: end;
  -webkit-justify-content: flex-end;
  -ms-flex-pack: end;
  justify-content: flex-end;
}

.c1 {
  font-size: 1.5rem;
  padding: 8px 16px 8px 16px;
  margin: 0;
}

.c0 {
  border-radius: 0px;
  display: inline-block;
  max-width: 450px;
  box-shadow: 0px 2px 5px 0px #ccc;
  width: 100%;
}

.c4 {
  border: none;
  border-radius: 4px;
  cursor: pointer;
  font-size: 0.875rem;
  -webkit-transition: all 200ms ease-in-out;
  transition: all 200ms ease-in-out;
  background-color: #598aed;
  color: #fdfdfd;
  font-size: 0.875rem;
  padding: 4px 12px 4px 12px;
}

.c4:hover {
  box-shadow: 0px 1px 3px 0px rgba(0,0,0,0.4);
}

.c4 .c6 {
  font-size: 1rem;
}

.c5 {
  border: none;
  border-radius: 4px;
  cursor: pointer;
  font-size: 0.875rem;
  -webkit-transition: all 200ms ease-in-out;
  transition: all 200ms ease-in-out;
  background-color: #f44336;
  color: #fdfdfd;
  font-size: 0.875rem;
  padding: 4px 12px 4px 12px;
}

.c5:hover {
  box-shadow: 0px 1px 3px 0px rgba(0,0,0,0.4);
}

.c5 .c6 {
  font-size: 1rem;
}

<div>
  <section
    class="c0"
  >
    <h2
      class="c1"
    >
      Lorem Ipsum
    </h2>
    <div
      class="c2"
    >
      Lorem Ipsum is simply dummy text of the printing and typesetting industry. Lorem Ipsum has been the industrys standard dummy text ever since the 1500.
    </div>
    <footer
      class="c3"
    >
      <button
        class="c4"
        style="margin-right: 10px;"
      >
        Ok
      </button>
      <button
        class="c5"
      >
        Fechar
      </button>
    </footer>
  </section>
</div>
`;
