// Jest Snapshot v1, https://goo.gl/fbAQLP

exports[`<Menu /> snapshots should match 1`] = `
.c0 {
  position: absolute;
  top: -3px;
  left: 3px;
  z-index: 999;
  margin: 0;
  padding: 0;
  background-color: #fff;
  border-radius: 4px;
  box-shadow: 1px 1px 3px rgba(0,0,0,0.3);
  list-style: none;
  overflow: hidden;
}

.c0 li {
  margin: 0;
  padding: 0;
}

.c1 {
  -webkit-animation: lbWRkT 300ms forwards;
  animation: lbWRkT 300ms forwards;
}

.c2 {
  display: block;
  padding: 8px;
  color: inherit;
  cursor: pointer;
  -webkit-text-decoration: none;
  text-decoration: none;
}

.c2:hover {
  background-color: #80c6cb;
}

<div>
  <div>
    <button
      type="button"
    >
      trigger
    </button>
  </div>
  <div
    id="frigobar-menu"
  >
    <ul
      class="c0 c1"
    >
      <li>
        <a
          class="c2"
        >
          Item 1
        </a>
      </li>
      <li>
        <a
          class="c2"
        >
          Item 2
        </a>
      </li>
    </ul>
  </div>
</div>
`;
